// Jest Snapshot v1, https://goo.gl/fbAQLP

exports[`Components SchemaView discriminator should correctly render discriminator dropdown 1`] = `
<styled.table>
  <tbody>
    <Field
      field={
        FieldModel {
          "deprecated": false,
          "description": "",
          "example": undefined,
          "expanded": false,
          "in": undefined,
          "kind": "field",
          "name": "packSize",
          "required": false,
          "schema": SchemaModel {
            "_$ref": "#/components/schemas/Dog/properties/packSize/schema",
            "activeOneOf": 0,
            "constraints": Array [],
            "default": undefined,
            "deprecated": false,
            "description": "",
            "displayType": "number",
            "enum": Array [],
            "example": undefined,
            "format": undefined,
            "isCircular": undefined,
            "isPrimitive": true,
            "nullable": false,
            "options": "<<<filtered>>>",
            "parentRefs": Array [],
            "pattern": undefined,
            "rawSchema": Object {
              "default": undefined,
              "parentRefs": Array [],
              "type": "number",
              "x-derefered": true,
            },
            "readOnly": false,
            "schema": Object {
              "default": undefined,
              "parentRefs": Array [],
              "type": "number",
              "x-derefered": true,
            },
            "title": "",
            "type": "number",
            "typePrefix": "",
            "writeOnly": false,
          },
        }
      }
      isLast={false}
      key="packSize"
      showExamples={false}
    />
    <Field
      field={
        FieldModel {
          "deprecated": false,
          "description": "",
          "example": undefined,
          "expanded": false,
          "in": undefined,
          "kind": "field",
          "name": "type",
          "required": true,
          "schema": SchemaModel {
            "_$ref": "#/components/schemas/Dog/properties/type/schema",
            "activeOneOf": 0,
            "constraints": Array [],
            "default": undefined,
            "deprecated": false,
            "description": "",
            "displayType": "string",
            "enum": Array [],
            "example": undefined,
            "format": undefined,
            "isCircular": undefined,
            "isPrimitive": true,
            "nullable": false,
            "options": "<<<filtered>>>",
            "parentRefs": Array [],
            "pattern": undefined,
            "rawSchema": Object {
              "default": undefined,
              "parentRefs": Array [],
              "type": "string",
              "x-derefered": true,
            },
            "readOnly": false,
            "schema": Object {
              "default": undefined,
              "parentRefs": Array [],
              "type": "string",
              "x-derefered": true,
            },
            "title": "",
            "type": "string",
            "typePrefix": "",
            "writeOnly": false,
          },
        }
      }
      isLast={true}
      key="type"
      renderDiscriminatorSwitch={[Function]}
      showExamples={false}
    />
  </tbody>
</styled.table>
`;
